RAM Allocation [bytes]
Variable                                                                          Address   Size
------------------------------------------------------------------------------------------------
inactivityTimer                                                                   0x0070       1
running                                                                           0x0071       1
lastState                                                                         0x0072       1
trig                                                                              0x0073       1
alarmset                                                                          0x0074       1

EEPROM Allocation [bytes]
Variable                                                                          Address   Size
------------------------------------------------------------------------------------------------

Register Allocation
Variable                                                                          Register  Size
------------------------------------------------------------------------------------------------

FLASH Allocation [words]
Function                                                                          Address   Size
------------------------------------------------------------------------------------------------
timer0_ovf_isr                                                                    0x0001C     73
main                                                                              0x00065     16
